[diag] gles3_harness: EGL 1.5, GLES3 context live
[diag] gles3_compat: shader program 3 compiled
[diag] GL_VERSION=OpenGL ES 3.2 Mesa 26.1.6-1
RENDERER=AMD Radeon Graphics (radeonsi, navi14, ACO, DRM 3.64, 7.2.7-2-t2-trixie)
VENDOR=AMD
GLSL=OpenGL ES GLSL ES 3.20
[diag] gles3_harness: calling init...
[diag] magmasimplex shader=vendor/magmasimplex/sim_advect_v.frag
[diag] magmasimplex shader=vendor/magmasimplex/sim_advect_t.frag
[diag] magmasimplex shader=vendor/magmasimplex/sim_advect_p.frag
[diag] magmasimplex shader=vendor/magmasimplex/sim_advect_h.frag
[diag] magmasimplex shader=vendor/magmasimplex/sim_buoyancy.frag
[diag] magmasimplex shader=vendor/magmasimplex/sim_project.frag
[diag] magmasimplex shader=vendor/magmasimplex/sim_heat.frag
[diag] magmasimplex shader=vendor/magmasimplex/sim_phase.frag
[diag] magmasimplex shader=vendor/magmasimplex/sim_init_seed.frag
[diag] magmasimplex shader=vendor/magmasimplex/sim_zero.frag
[diag] magmasimplex shader=vendor/magmasimplex/render.frag
[diag] magmasimplex shader=vendor/magmasimplex/sim3d_advect_v.frag
[diag] magmasimplex shader=vendor/magmasimplex/sim3d_advect_t.frag
[diag] magmasimplex shader=vendor/magmasimplex/sim3d_advect_p.frag
[diag] magmasimplex shader=vendor/magmasimplex/sim3d_advect_h.frag
[diag] magmasimplex shader=vendor/magmasimplex/sim3d_buoyancy.frag
[diag] magmasimplex shader=vendor/magmasimplex/sim3d_project.frag
[diag] magmasimplex shader=vendor/magmasimplex/sim3d_heat.frag
[diag] magmasimplex shader=vendor/magmasimplex/sim3d_phase.frag
[diag] magmasimplex shader=vendor/magmasimplex/sim3d_init_seed.frag
[diag] magmasimplex seed=60 way=29 (neon) tier=3d-voxel grid=256x256 (3d atlas 512x512) surface_tension=0.00124 visc=0.00025 buoy=2.234 emitter=(0.00,-0.85,r=0.55,str=2.01) amb_cool=0.031 hotness=1.280 scale=1.152 rainbow=1 clear_liquid=0 half_float_rt=1 GL=OpenGL ES 3.2 Mesa 26.1.6-1
[diag] magmasimplex blobs: b0=(1.197,0.402,0.419,r=0.249,hue=0.000) b1=(0.118,0.952,1.381,r=0.227,hue=0.159) b2=(-0.424,0.773,0.290,r=0.192,hue=0.358) b3=(-0.964,-0.565,-0.306,r=0.153,hue=0.510) b4=(-0.214,0.557,-1.229,r=0.123,hue=0.679) b5=(1.092,0.514,-0.860,r=0.104,hue=0.841)
[diag] gles3_harness: init returned
[diag] initial draw: 1280x720 configured=1
[diag] magmasimplex first draw gl_error=0x502 samples=y90:(188,154,149)(197,178,161)(213,210,179)(229,239,196)(219,213,182)(197,178,161)(185,152,147)(176,131,137) y360:(238,151,158)(235,163,160)(238,176,166)(254,190,177)(255,189,179)(245,168,166)(223,143,149)(215,126,141) y540:(253,132,149)(252,141,151)(255,151,156)(255,154,158)(255,156,162)(255,143,154)(246,128,145)(240,116,139) y630:(255,123,146)(255,132,149)(255,139,153)(255,142,154)(255,142,155)(255,132,149)(255,122,144)(255,111,139) 
[diag] initial draw_cb returned; swapping
[diag] frame #0
[diag] frame #1
[diag] frame #2
[diag] frame #3
[diag] framebuffer frame=4 pixels=921600 nonblack=921600 hash=e3229cb0fe5f7e2a gl_error=0x502
[dump] writing frame_00000004 to /tmp/m260-seed-60
[dump] wrote /tmp/m260-seed-60/frame_00000004.png (3686400 bytes)
[diag] frame #4
[diag] magmasimplex frame_t frame=60 dt_ms=16.058 tier=3d
[diag] framebuffer frame=60 pixels=921600 nonblack=921600 hash=87d8156b1fa0b90c gl_error=0x502
[dump] writing frame_0000003c to /tmp/m260-seed-60
[dump] wrote /tmp/m260-seed-60/frame_0000003c.png (3686400 bytes)
[diag] frame #60
[diag] magmasimplex frame_t frame=90 dt_ms=16.057 tier=3d
[diag] magmasimplex frame_t frame=120 dt_ms=16.058 tier=3d
[diag] framebuffer frame=120 pixels=921600 nonblack=921600 hash=d4de7cb841ef76f5 gl_error=0x502
[dump] writing frame_00000078 to /tmp/m260-seed-60
[dump] wrote /tmp/m260-seed-60/frame_00000078.png (3686400 bytes)
[diag] frame #120
[diag] magmasimplex frame_t frame=150 dt_ms=16.056 tier=3d
[diag] magmasimplex frame_t frame=180 dt_ms=16.059 tier=3d
[diag] framebuffer frame=180 pixels=921600 nonblack=921600 hash=a24a074e382d5172 gl_error=0x502
[dump] writing frame_000000b4 to /tmp/m260-seed-60
[dump] wrote /tmp/m260-seed-60/frame_000000b4.png (3686400 bytes)
[diag] frame #180
[diag] magmasimplex frame_t frame=210 dt_ms=16.056 tier=3d
[diag] magmasimplex frame_t frame=240 dt_ms=16.057 tier=3d
[diag] framebuffer frame=240 pixels=921600 nonblack=921600 hash=cdef2f1bddfdeb5e gl_error=0x502
[dump] writing frame_000000f0 to /tmp/m260-seed-60
[dump] wrote /tmp/m260-seed-60/frame_000000f0.png (3686400 bytes)
[diag] frame #240
[diag] magmasimplex frame_t frame=270 dt_ms=16.057 tier=3d
[diag] magmasimplex frame_t frame=300 dt_ms=16.057 tier=3d
[diag] framebuffer frame=300 pixels=921600 nonblack=921600 hash=2e38a47f89e6f9d3 gl_error=0x502
[dump] writing frame_0000012c to /tmp/m260-seed-60
[dump] wrote /tmp/m260-seed-60/frame_0000012c.png (3686400 bytes)
[diag] frame #300
[diag] magmasimplex frame_t frame=330 dt_ms=16.059 tier=3d
[diag] magmasimplex frame_t frame=360 dt_ms=16.057 tier=3d
[diag] framebuffer frame=360 pixels=921600 nonblack=921600 hash=2107bad18b92182c gl_error=0x502
[dump] writing frame_00000168 to /tmp/m260-seed-60
[dump] wrote /tmp/m260-seed-60/frame_00000168.png (3686400 bytes)
[diag] frame #360
[diag] magmasimplex frame_t frame=390 dt_ms=16.059 tier=3d
[diag] magmasimplex frame_t frame=420 dt_ms=16.057 tier=3d
[diag] framebuffer frame=420 pixels=921600 nonblack=921600 hash=ece0888b3926f8ab gl_error=0x502
[dump] writing frame_000001a4 to /tmp/m260-seed-60
[dump] wrote /tmp/m260-seed-60/frame_000001a4.png (3686400 bytes)
[diag] frame #420
[diag] magmasimplex frame_t frame=450 dt_ms=16.058 tier=3d
[diag] magmasimplex frame_t frame=480 dt_ms=16.059 tier=3d
[diag] framebuffer frame=480 pixels=921600 nonblack=921600 hash=8a57f5e8770a0ffc gl_error=0x502
[dump] writing frame_000001e0 to /tmp/m260-seed-60
[dump] wrote /tmp/m260-seed-60/frame_000001e0.png (3686400 bytes)
[diag] frame #480
[diag] magmasimplex frame_t frame=510 dt_ms=16.058 tier=3d
[diag] magmasimplex frame_t frame=540 dt_ms=16.057 tier=3d
[diag] framebuffer frame=540 pixels=921600 nonblack=921600 hash=777112661152ceb8 gl_error=0x502
[dump] writing frame_0000021c to /tmp/m260-seed-60
[dump] wrote /tmp/m260-seed-60/frame_0000021c.png (3686400 bytes)
[diag] frame #540
[diag] magmasimplex frame_t frame=570 dt_ms=16.057 tier=3d
[diag] magmasimplex frame_t frame=600 dt_ms=16.058 tier=3d
[diag] framebuffer frame=600 pixels=921600 nonblack=921600 hash=459d315447a6affd gl_error=0x502
[dump] writing frame_00000258 to /tmp/m260-seed-60
[dump] wrote /tmp/m260-seed-60/frame_00000258.png (3686400 bytes)
[diag] frame #600
[diag] magmasimplex frame_t frame=630 dt_ms=16.056 tier=3d
[diag] magmasimplex frame_t frame=660 dt_ms=16.059 tier=3d
[diag] framebuffer frame=660 pixels=921600 nonblack=921600 hash=700c6d66a3450bcd gl_error=0x502
[dump] writing frame_00000294 to /tmp/m260-seed-60
[dump] wrote /tmp/m260-seed-60/frame_00000294.png (3686400 bytes)
[diag] frame #660
[diag] magmasimplex frame_t frame=690 dt_ms=16.060 tier=3d
[diag] magmasimplex frame_t frame=720 dt_ms=16.055 tier=3d
[diag] framebuffer frame=720 pixels=921600 nonblack=921600 hash=f2af3fd36f8e5b42 gl_error=0x502
[dump] writing frame_000002d0 to /tmp/m260-seed-60
[dump] wrote /tmp/m260-seed-60/frame_000002d0.png (3686400 bytes)
[diag] frame #720
EXIT=124
